Microchip MPLAB XC8 Compiler V2.46

Linker command line:

-W-3 \
  --edf=C:\Program Files\Microchip\xc8\v2.46\pic\dat\20240104201356_en.msgs \
  -cn -h+dist/default/production\SERIAL_Echo_Interrupt.X.production.sym \
  --cmf=dist/default/production\SERIAL_Echo_Interrupt.X.production.cmf -z \
  -Q18F4520 -oC:\Users\profb\AppData\Local\Temp\xcAsud0.\driver_tmp_3.o \
  --defsym=__MPLAB_BUILD=1 --fixupoverflow=error \
  -Mdist/default/production/SERIAL_Echo_Interrupt.X.production.map \
  --md=C:\Users\profb\AppData\Local\Temp\xcAsud0.\driver_tmp_0.dat -E1 \
  -ver=XC8 Compiler --acfsm=1493 -ACODE=00h-07FFFh -ACONST=00h-07FFFh \
  -ASMALLCONST=0600h-06FFhx122 -AMEDIUMCONST=0600h-07FFFh -ACOMRAM=01h-07Fh \
  -AABS1=00h-05FFh -ABIGRAM=01h-05FFh -ARAM=080h-0FFh,0100h-01FFhx5 \
  -ABANK0=080h-0FFh -ABANK1=0100h-01FFh -ABANK2=0200h-02FFh \
  -ABANK3=0300h-03FFh -ABANK4=0400h-04FFh -ABANK5=0500h-05FFh \
  -ASFR=0F80h-0FFFh -ABIGSFR=0F80h-0FFFh -ACONFIG=0300000h-030000Dh \
  -AIDLOC=0200000h-0200007h -AEEDATA=0F00000h-0F000FFh -peeprom_data=EEDATA \
  -preset_vec=00h,intcode=8h,intcodelo,powerup,init -pramtop=0600h \
  -psmallconst=SMALLCONST -pmediumconst=MEDIUMCONST -pconst=CONST \
  -AFARRAM=00h-00h \
  -prdata=COMRAM,nvrram=COMRAM,nvbit=COMRAM,rbss=COMRAM,rbit=COMRAM \
  -pfarbss=FARRAM,fardata=FARRAM,nvFARRAM=FARRAM \
  -pintsave_regs=BIGRAM,bigbss=BIGRAM,bigdata=BIGRAM -pbss=RAM \
  -pidata=CODE,irdata=CODE,ibigdata=CODE,ifardata=CODE -prparam=COMRAM \
  C:\Users\profb\AppData\Local\Temp\xcAsud0.\driver_tmp_9.o \
  dist/default/production\SERIAL_Echo_Interrupt.X.production.o 

Object code version is 3.11

Machine type is 18F4520



                Name                               Link     Load   Length Selector   Space Scale
C:\Users\profb\AppData\Local\Temp\xcAsud0.\driver_tmp_9.o
                idloc                            200000   200000        8        0       5
                config                           300000   300000        E        0       4
                init                                  E        E        4        4       0
                reset_vec                             0        0        4        0       0
dist/default/production\SERIAL_Echo_Interrupt.X.production.o
                intcode                               8        8        6        4       0
                idloc                            200000   200000        8        0       5
                config                           300000   300000        E        0       4
                temp                                 45       45        1        1       1
                smallconst                          600      600        2      300       0
                text8                               6B6      6B6       12      301       0
                text7                               68E      68E       16      301       0
                text6                               636      636       2A      301       0
                intcode_body                        602      602       34      301       0
                text4                               6D2      6D2        A      301       0
                text3                               6DC      6DC        6      301       0
                text2                               6C8      6C8        A      301       0
                text1                               6A4      6A4       12      301       0
                text0                               660      660       18      301       0
                cstackCOMRAM                         41       41        4        1       1
                bssCOMRAM                             1        1       40        1       1
                cinit                               678      678       16      301       0

TOTAL           Name                               Link     Load   Length     Space
        CLASS   CODE           
                intcode                               8        8        6         0
                init                                  E        E        4         0
                reset_vec                             0        0        4         0
                text8                               6B6      6B6       12         0
                text7                               68E      68E       16         0
                text6                               636      636       2A         0
                intcode_body                        602      602       34         0
                text4                               6D2      6D2        A         0
                text3                               6DC      6DC        6         0
                text2                               6C8      6C8        A         0
                text1                               6A4      6A4       12         0
                text0                               660      660       18         0
                cinit                               678      678       16         0

        CLASS   CONST          

        CLASS   SMALLCONST     
                smallconst                          600      600        2         0

        CLASS   MEDIUMCONST    

        CLASS   COMRAM         
                temp                                 45       45        1         1
                cstackCOMRAM                         41       41        4         1
                bssCOMRAM                             1        1       40         1

        CLASS   ABS1           

        CLASS   BIGRAM         

        CLASS   RAM            

        CLASS   BANK0          

        CLASS   BANK1          

        CLASS   BANK2          

        CLASS   BANK3          

        CLASS   BANK4          

        CLASS   BANK5          

        CLASS   SFR            

        CLASS   BIGSFR         

        CLASS   CONFIG         
                config                           300000   300000        E         4

        CLASS   IDLOC          
                idloc                            200000   200000        8         5

        CLASS   EEDATA         

        CLASS   FARRAM         

        CLASS   HEAP           

        CLASS   STACK          



SEGMENTS        Name                           Load    Length   Top    Selector   Space  Class

                reset_vec                      000000  000004  000004         0       0  CODE    
                bssCOMRAM                      000001  000045  000046         1       1  COMRAM  
                intcode                        000008  00000A  000012         4       0  CODE    
                smallconst                     000600  000002  000602       300       0  SMALLCON
                intcode_body                   000602  0000E0  0006E2       301       0  CODE    


UNUSED ADDRESS RANGES

        Name                Unused          Largest block    Delta
        BANK0            000080-0000FF               80
        BANK1            000100-0001FF              100
        BANK2            000200-0002FF              100
        BANK3            000300-0003FF              100
        BANK4            000400-0004FF              100
        BANK5            000500-0005FF              100
        BIGRAM           000046-0005FF              5BA
        BIGSFR           000F80-000FFF               80
        CODE             000004-000007                4
                         000012-0005FF              5EE
                         0006E2-007FFF             791E
        COMRAM           000046-00007F               3A
        CONST            000004-000007                4
                         000012-0005FF              5EE
                         0006E2-007FFF             791E
        EEDATA           F00000-F000FF              100
        MEDIUMCONST      0006E2-007FFF             791E
        RAM              000080-0005FF              100
        SFR              000F80-000FFF               80
        SMALLCONST       0006E2-007FFF              100

                                  Symbol Table

_ADCON1                   (abs)        000FC1
_BAUDCTLbits              (abs)        000FB8
_INTCON                   (abs)        000FF2
_OSCCON                   (abs)        000FD3
_OSCTUNE                  (abs)        000F9B
_PIE1                     (abs)        000F9D
_PIR1bits                 (abs)        000F9E
_RCIF                     (abs)        007CF5
_RCREG                    (abs)        000FAE
_RCSTAbits                (abs)        000FAB
_SPBRG                    (abs)        000FAF
_TRMT                     (abs)        007D61
_TXREG                    (abs)        000FAD
_TXSTAbits                (abs)        000FAC
__HRAM                    (abs)        000000
__H__absolute__           __absolute__ 000000
__Habs1                   abs1         000000
__Hbank0                  bank0        000000
__Hbank1                  bank1        000000
__Hbank2                  bank2        000000
__Hbank3                  bank3        000000
__Hbank4                  bank4        000000
__Hbank5                  bank5        000000
__Hbigbss                 bigbss       000000
__Hbigdata                bigdata      000000
__Hbigram                 bigram       000000
__Hbigsfr                 bigsfr       000000
__Hbss                    bss          000000
__HbssCOMRAM              bssCOMRAM    000000
__Hcinit                  cinit        000000
__Hclrtext                clrtext      000000
__Hcomram                 comram       000000
__Hconfig                 config       30000E
__Hconst                  const        000000
__HcstackCOMRAM           cstackCOMRAM 000000
__Hdata                   data         000000
__Heeprom_data            eeprom_data  000000
__Hfarbss                 farbss       000000
__Hfardata                fardata      000000
__Hheap                   heap         000000
__Hibigdata               ibigdata     000000
__Hidata                  idata        000000
__Hidloc                  idloc        200008
__Hifardata               ifardata     000000
__Hinit                   init         000012
__Hintcode                intcode      00000E
__Hintcode_body           intcode_body 000000
__Hintcodelo              intcodelo    00000E
__Hintentry               intentry     000000
__Hintret                 intret       000000
__Hintsave_regs           intsave_regs 000000
__Hirdata                 irdata       000000
__Hmediumconst            mediumconst  000000
__HnvFARRAM               nvFARRAM     000000
__Hnvbit                  nvbit        000000
__Hnvrram                 nvrram       000000
__Hparam                  rparam       000000
__Hpowerup                powerup      00000E
__Hram                    ram          000000
__Hramtop                 ramtop       000600
__Hrbit                   rbit         000000
__Hrbss                   rbss         000000
__Hrdata                  rdata        000000
__Hreset_vec              reset_vec    000004
__Hrparam                 rparam       000000
__Hsfr                    sfr          000000
__Hsivt_hi                sivt_hi      000000
__Hsivt_lo                sivt_lo      000000
__Hsmallconst             smallconst   000602
__Hspace_0                (abs)        0006E2
__Hspace_1                (abs)        000046
__Hspace_2                (abs)        000000
__Hspace_4                (abs)        60000E
__Hstack                  stack        000000
__Hstruct                 struct       000000
__Htemp                   temp         000046
__Htext                   text         000000
__Htext0                  text0        000000
__Htext1                  text1        000000
__Htext2                  text2        000000
__Htext3                  text3        000000
__Htext4                  text4        000000
__Htext6                  text6        000000
__Htext7                  text7        000000
__Htext8                  text8        000000
__LRAM                    (abs)        000001
__L__absolute__           __absolute__ 000000
__Labs1                   abs1         000000
__Lbank0                  bank0        000000
__Lbank1                  bank1        000000
__Lbank2                  bank2        000000
__Lbank3                  bank3        000000
__Lbank4                  bank4        000000
__Lbank5                  bank5        000000
__Lbigbss                 bigbss       000000
__Lbigdata                bigdata      000000
__Lbigram                 bigram       000000
__Lbigsfr                 bigsfr       000000
__Lbss                    bss          000000
__LbssCOMRAM              bssCOMRAM    000000
__Lcinit                  cinit        000000
__Lclrtext                clrtext      000000
__Lcomram                 comram       000000
__Lconfig                 config       000000
__Lconst                  const        000000
__LcstackCOMRAM           cstackCOMRAM 000000
__Ldata                   data         000000
__Leeprom_data            eeprom_data  000000
__Lfarbss                 farbss       000000
__Lfardata                fardata      000000
__Lheap                   heap         000000
__Libigdata               ibigdata     000000
__Lidata                  idata        000000
__Lidloc                  idloc        000000
__Lifardata               ifardata     000000
__Linit                   init         00000E
__Lintcode                intcode      000008
__Lintcode_body           intcode_body 000000
__Lintcodelo              intcodelo    00000E
__Lintentry               intentry     000000
__Lintret                 intret       000000
__Lintsave_regs           intsave_regs 000000
__Lirdata                 irdata       000000
__Lmediumconst            mediumconst  000000
__LnvFARRAM               nvFARRAM     000000
__Lnvbit                  nvbit        000000
__Lnvrram                 nvrram       000000
__Lparam                  rparam       000000
__Lpowerup                powerup      00000E
__Lram                    ram          000000
__Lramtop                 ramtop       000600
__Lrbit                   rbit         000000
__Lrbss                   rbss         000000
__Lrdata                  rdata        000000
__Lreset_vec              reset_vec    000000
__Lrparam                 rparam       000000
__Lsfr                    sfr          000000
__Lsivt_hi                sivt_hi      000000
__Lsivt_lo                sivt_lo      000000
__Lsmallconst             smallconst   000600
__Lspace_0                (abs)        000000
__Lspace_1                (abs)        000000
__Lspace_2                (abs)        000000
__Lspace_4                (abs)        000000
__Lstack                  stack        000000
__Lstruct                 struct       000000
__Ltemp                   temp         000045
__Ltext                   text         000000
__Ltext0                  text0        000000
__Ltext1                  text1        000000
__Ltext2                  text2        000000
__Ltext3                  text3        000000
__Ltext4                  text4        000000
__Ltext6                  text6        000000
__Ltext7                  text7        000000
__Ltext8                  text8        000000
__S0                      (abs)        0006E2
__S1                      (abs)        000046
__S4                      (abs)        000000
__S5                      (abs)        000000
___heap_hi                (abs)        000000
___heap_lo                (abs)        000000
___inthi_sp               stack        000000
___inthi_stack_hi         stack        000000
___inthi_stack_lo         stack        000000
___intlo_sp               stack        000000
___intlo_stack_hi         stack        000000
___intlo_stack_lo         stack        000000
___param_bank             (abs)        000000
___rparam_used            (abs)        000001
___sp                     stack        000000
___stack_hi               stack        000000
___stack_lo               stack        000000
__accesstop               (abs)        000080
__activetblptr            (abs)        000000
__end_of__initialization  cinit        000684
__end_of_config_FOSC      text4        0006DC
__end_of_config_IO        text3        0006E2
__end_of_config_Interrupt text2        0006D2
__end_of_eusart_init      text1        0006B6
__end_of_eusart_read      text8        0006C8
__end_of_eusart_string    text6        000660
__end_of_eusart_write     text7        0006A4
__end_of_half_Duplex      intcode_body 000636
__end_of_main             text0        000678
__initialization          cinit        000678
__mediumconst             mediumconst  000000
__pbssCOMRAM              bssCOMRAM    000001
__pcinit                  cinit        000678
__pcstackCOMRAM           cstackCOMRAM 000041
__pintcode                intcode      000008
__pintcode_body           intcode_body 000602
__psmallconst             smallconst   000600
__ptext0                  text0        000660
__ptext1                  text1        0006A4
__ptext2                  text2        0006C8
__ptext3                  text3        0006DC
__ptext4                  text4        0006D2
__ptext6                  text6        000636
__ptext7                  text7        00068E
__ptext8                  text8        0006B6
__ramtop                  ramtop       000600
__smallconst              smallconst   000600
_config_FOSC              text4        0006D2
_config_IO                text3        0006DC
_config_Interrupt         text2        0006C8
_data                     bssCOMRAM    000001
_eusart_init              text1        0006A4
_eusart_read              text8        0006B6
_eusart_string            text6        000636
_eusart_write             text7        00068E
_half_Duplex              intcode      000008
_main                     text0        000660
btemp                     temp         000045
end_of_initialization     cinit        000684
eusart_string@str         cstackCOMRAM 000042
eusart_write@c            cstackCOMRAM 000041
int$flags                 temp         000045
int_func                  intcode_body 000602
intlevel0                 text         000000
intlevel1                 text         000000
intlevel2                 text         000000
intlevel3                 text         000000
isa$std                   (abs)        000001
isa$xinst                 (abs)        000000
stackhi                   (abs)        000000
stacklo                   (abs)        000000
start                     init         00000E
start_initialization      cinit        000678
ttemp5                    temp         000046
ttemp6                    temp         000049
ttemp7                    temp         00004D
wtemp8                    temp         000046


MODULE INFORMATION

Module		Function		Class		Link	Load	Size
eusart.c
		_eusart_read   		CODE           	06B6	0000	18
		_eusart_init   		CODE           	06A4	0000	18
		_eusart_write  		CODE           	068E	0000	22
		_eusart_string 		CODE           	0636	0000	42

eusart.c estimated size: 100

Program_main.c
		_config_Interrupt		CODE           	06C8	0000	10
		_main          		CODE           	0660	0000	24
		_config_IO     		CODE           	06DC	0000	6
		_config_FOSC   		CODE           	06D2	0000	10
		_half_Duplex   		CODE           	0008	0000	58

Program_main.c estimated size: 108

shared
		__initialization		CODE           	0678	0000	12

shared estimated size: 12

